A51 MACRO ASSEMBLER  AD_LED                                                               11/04/2019 09:40:46 PAGE     1


MACRO ASSEMBLER A51 V8.2.7.0
OBJECT MODULE PLACED IN .\Objects\AD_LED.obj
ASSEMBLER INVOKED BY: D:\keil\C51\BIN\A51.EXE AD_LED.a51 SET(SMALL) DEBUG PRINT(.\Listings\AD_LED.lst) OBJECT(.\Objects\
                      AD_LED.obj) EP

LOC  OBJ            LINE     SOURCE

0000                   1     ORG 0000H
0000 7809              2             START:  MOV             R0,#OK-TABLE+1
0002 90001F            3                             MOV             DPTR,#TABLE
0005 7900              4                             MOV             R1,#00H
0007 E9                5             LOOP:   MOV             A,R1
0008 93                6                             MOVC    A,@A+DPTR
0009 F590              7                             MOV             P1,A
000B 1112              8                             ACALL   DELAY
000D 09                9                             INC             R1
000E D8F7             10                             DJNZ    R0,LOOP
0010 0100             11                             AJMP    START
                      12             
0012 7DC8             13             DELAY:  MOV             R5,#200
0014 7EFA             14             DL1:    MOV             R6,#250
0016 7FC8             15             DL2:    MOV             R7,#200
0018 DFFE             16             DL3:    DJNZ    R7,DL3
001A DEFA             17                             DJNZ    R6,DL2
001C DDF6             18                             DJNZ    R5,DL1
001E 22               19                             RET
                      20                             
001F E7               21             TABLE:  DB 11100111B
0020 C3               22                             DB 11000011B
0021 81               23                             DB 10000001B
0022 00               24                             DB 00000000B
                      25                             
0023 81               26                             DB 10000001B
0024 C3               27                             DB 11000011B
0025 E7               28                             DB 11100111B
0026 FF               29                             DB 11111111B
0027 F0               30                     OK: DB 11110000B
                      31     END
A51 MACRO ASSEMBLER  AD_LED                                                               11/04/2019 09:40:46 PAGE     2

SYMBOL TABLE LISTING
------ ----- -------


N A M E             T Y P E  V A L U E   ATTRIBUTES

DELAY. . . . . . .  C ADDR   0012H   A   
DL1. . . . . . . .  C ADDR   0014H   A   
DL2. . . . . . . .  C ADDR   0016H   A   
DL3. . . . . . . .  C ADDR   0018H   A   
LOOP . . . . . . .  C ADDR   0007H   A   
OK . . . . . . . .  C ADDR   0027H   A   
P1 . . . . . . . .  D ADDR   0090H   A   
START. . . . . . .  C ADDR   0000H   A   
TABLE. . . . . . .  C ADDR   001FH   A   


REGISTER BANK(S) USED: 0 


ASSEMBLY COMPLETE.  0 WARNING(S), 0 ERROR(S)
