A51 MACRO ASSEMBLER  SW_4                                                                 11/04/2019 09:40:46 PAGE     1


MACRO ASSEMBLER A51 V8.2.7.0
OBJECT MODULE PLACED IN .\Objects\sw_4.obj
ASSEMBLER INVOKED BY: D:\keil\C51\BIN\A51.EXE sw_4.a51 SET(SMALL) DEBUG PRINT(.\Listings\sw_4.lst) OBJECT(.\Objects\sw_4
                      .obj) EP

LOC  OBJ            LINE     SOURCE

0000                   1     ORG 0000H
                       2             
                       3             
                       4             
0000 43B0FF            5             TEST:   ORL     P3,#0FFH
0003 30B70B            6                             JNB     P3.7,CASE1
0006 30B617            7                             JNB P3.6,CASE2
0009 30B523            8                             JNB P3.5,CASE3
000C 30B432            9                             JNB P3.4,CASE4
000F 0100             10                             AJMP    TEST
                      11                             
0011                  12                             CASE1:
0011 7908             13                                             MOV     R1,#08H
0013 74FE             14                                             MOV             A,#11111110B
0015                  15                                     LEFT:
0015 F590             16                                             MOV             P1,A
0017 1153             17                                             ACALL   DELAY
0019 23               18                                             RL              A
001A D9F9             19                                             DJNZ    R1,LEFT
001C A908             20                                             MOV             R1,08H
001E 0100             21                                             AJMP    TEST
0020                  22                             CASE2:
0020 7908             23                                             MOV     R1,#08H
0022 747F             24                                             MOV             A,#01111111B
0024                  25                                     RIGHT:
0024 F590             26                                             MOV             P1,A
0026 1153             27                                             ACALL   DELAY
0028 03               28                                             RR              A
0029 D9F9             29                                             DJNZ    R1,RIGHT
002B A908             30                                             MOV             R1,08H
002D 0100             31                                             AJMP    TEST
002F                  32                             CASE3:
002F 7804             33                                             MOV             R0,#OK1-TABLE1+1
0031 900060           34                                             MOV             DPTR,#TABLE1
0034 7A00             35                                             MOV             R2,#00H
0036                  36                                     DIFFUSION:
0036 EA               37                                             MOV             A,R2
0037 93               38                                             MOVC    A,@A+DPTR
0038 F590             39                                             MOV             P1,A
003A 1153             40                                             ACALL   DELAY
003C 0A               41                                             INC             R2
003D D8F7             42                                             DJNZ    R0,DIFFUSION
003F 0100             43                                             AJMP    TEST
0041                  44                             CASE4:
0041 7804             45                                             MOV             R0,#OK2-TABLE2+1
0043 900064           46                                             MOV             DPTR,#TABLE2
0046 7A00             47                                             MOV             R2,#00H
0048                  48                                     CONCENTRATED:
0048 EA               49                                             MOV             A,R2
0049 93               50                                             MOVC    A,@A+DPTR
004A F590             51                                             MOV             P1,A
004C 1153             52                                             ACALL   DELAY
004E 0A               53                                             INC             R2
004F D8F7             54                                             DJNZ    R0,CONCENTRATED
0051 0100             55                                             AJMP    TEST
                      56             
                      57     
A51 MACRO ASSEMBLER  SW_4                                                                 11/04/2019 09:40:46 PAGE     2

0053 7DD0             58             DELAY:  MOV     R5,#2000
*** _____________________________________________________^
*** WARNING #A52 IN 58 (sw_4.a51, LINE 58): VALUE HAS BEEN TRUNCATED TO 8 BITS
0055 7EFA             59             DL1:    MOV     R6,#250
0057 7FC8             60             DL2:    MOV R7,#200
0059 DFFE             61             DL3:    DJNZ    R7,DL3
005B DEFA             62                             DJNZ    R6,DL2
005D DDF6             63                             DJNZ    R5,DL1
005F 22               64                             RET
                      65             
0060 E7               66             TABLE1: DB      11100111B
0061 DB               67                             DB      11011011B
0062 BD               68                             DB      10111101B
0063 7E               69             OK1:    DB      01111110B
                      70                     
0064 7E               71             TABLE2: DB      01111110B
0065 BD               72                             DB      10111101B
0066 DB               73                             DB      11011011B
0067 E7               74             OK2:    DB      11100111B
                      75                     
                      76             END
A51 MACRO ASSEMBLER  SW_4                                                                 11/04/2019 09:40:46 PAGE     3

SYMBOL TABLE LISTING
------ ----- -------


N A M E             T Y P E  V A L U E   ATTRIBUTES

CASE1. . . . . . .  C ADDR   0011H   A   
CASE2. . . . . . .  C ADDR   0020H   A   
CASE3. . . . . . .  C ADDR   002FH   A   
CASE4. . . . . . .  C ADDR   0041H   A   
CONCENTRATED . . .  C ADDR   0048H   A   
DELAY. . . . . . .  C ADDR   0053H   A   
DIFFUSION. . . . .  C ADDR   0036H   A   
DL1. . . . . . . .  C ADDR   0055H   A   
DL2. . . . . . . .  C ADDR   0057H   A   
DL3. . . . . . . .  C ADDR   0059H   A   
LEFT . . . . . . .  C ADDR   0015H   A   
OK1. . . . . . . .  C ADDR   0063H   A   
OK2. . . . . . . .  C ADDR   0067H   A   
P1 . . . . . . . .  D ADDR   0090H   A   
P3 . . . . . . . .  D ADDR   00B0H   A   
RIGHT. . . . . . .  C ADDR   0024H   A   
TABLE1 . . . . . .  C ADDR   0060H   A   
TABLE2 . . . . . .  C ADDR   0064H   A   
TEST . . . . . . .  C ADDR   0000H   A   


REGISTER BANK(S) USED: 0 


ASSEMBLY COMPLETE.  1 WARNING(S), 0 ERROR(S)
